<classVarDec>
    <keyword> static </keyword>
    <keyword> int </keyword>
    <identifier> age </identifier>
    <symbol> ; </symbol>
</classVarDec>
