<doStatment>
    <keyword> do </keyword>
    <identifier> call </identifier>
    <symbol> ( </symbol>
    <symbol> ) </symbol>
    <symbol> ; </symbol>
</doStatment>
