<term>
    <integerConstant> 256 </integerConstant>
</term>
