<keyword> int </keyword>
<identifier> age </identifier>
