<term>
    <stringConstant> my string </stringConstant>
</term>
