<subroutineBody>
    <symbol> { </symbol>
    <symbol> } </symbol>
</subroutineBody>
