<subroutineDec>
    <keyword> function </keyword>
    <keyword> void </keyword>
    <identifier> no_op </identifier>
    <symbol> ( </symbol>
    <parameterList>
    </parameterList>
    <symbol> ) </symbol>
    <subroutineBody>
        <symbol> { </symbol>
        <symbol> } </symbol>
    </subroutineBody>
</subroutineDec>
